// Jest Snapshot v1, https://goo.gl/fbAQLP

exports[`matches snapshot 1`] = `
<div
  className="container-logogram"
>
  <div
    className="symbol"
  />
  <div
    className="legend"
  />
</div>
`;
